#-----------------------------------------------------------
# Vivado v2025.1 (64-bit)
# SW Build 6140274 on Thu May 22 00:12:29 MDT 2025
# IP Build 6138677 on Thu May 22 03:10:11 MDT 2025
# SharedData Build 6139179 on Tue May 20 17:58:58 MDT 2025
# Start of session at: Fri Nov 21 18:38:26 2025
# Process ID         : 5240
# Current directory  : C:/Users/user/Documents/카카오톡 받은 파일/AES-128_CTR_parallel_pipeline_ghash_core/AES-128_CTR_parallel_pipeline_ghash_core/AES-128_CTR
# Command line       : vivado.exe -gui_launcher_event rodinguilauncherevent11356 C:\Users\user\Documents\카카오톡 받은 파일\AES-128_CTR_parallel_pipeline_ghash_core\AES-128_CTR_parallel_pipeline_ghash_core\AES-128_CTR\AES-128_CTR.xpr
# Log file           : C:/Users/user/Documents/카카오톡 받은 파일/AES-128_CTR_parallel_pipeline_ghash_core/AES-128_CTR_parallel_pipeline_ghash_core/AES-128_CTR/vivado.log
# Journal file       : C:/Users/user/Documents/카카오톡 받은 파일/AES-128_CTR_parallel_pipeline_ghash_core/AES-128_CTR_parallel_pipeline_ghash_core/AES-128_CTR\vivado.jou
# Running On         : EE522-48
# Platform           : Windows Server 2016 or Windows 10
# Operating System   : 26100
# Processor Detail   : 13th Gen Intel(R) Core(TM) i7-1360P
# CPU Frequency      : 2611 MHz
# CPU Physical cores : 12
# CPU Logical cores  : 16
# Host memory        : 68354 MB
# Swap memory        : 10200 MB
# Total Virtual      : 78554 MB
# Available Virtual  : 67805 MB
#-----------------------------------------------------------
start_gui
open_project {C:/Users/user/Documents/카카오톡 받은 파일/AES-128_CTR_parallel_pipeline_ghash_core/AES-128_CTR_parallel_pipeline_ghash_core/AES-128_CTR/AES-128_CTR.xpr}
update_compile_order -fileset sources_1
launch_runs impl_1 -to_step write_bitstream -jobs 16
wait_on_run impl_1
reset_run synth_1
launch_runs impl_1 -to_step write_bitstream -jobs 16
wait_on_run impl_1
reset_run synth_1
launch_runs impl_1 -to_step write_bitstream -jobs 16
wait_on_run impl_1
